---
name: fonts-computer-modern-unicode
author:
  name: Yuito Murase
  email: yuito.murase@gmail.com
font-metadata:
  name: Computer Modern Unicode
  version: 0.7.0
  license: OFL
  url: https://cm-unicode.sourceforge.io
site:
  homepage: "https://github.com/zeptometer/SATySFi-fonts-computer-modern"
  bug-reports: "https://github.com/zeptometer/SATySFi-fonts-computer-modern/issues"
  dev-repo: "git+https://github.com/zeptometer/SATySFi-fonts-computer-modern.git"
font-archive:
  name: computer-modern-unicode.tar.xz
  expand-dir: cm-unicode-0.7.0
  url: https://sourceforge.net/projects/cm-unicode/files/latest/download
  extract: tar xf computer-modern-unicode.tar.xz
font-list:
  - type: 
    name: CMUBright-Bold
    file: cmunbbx.ttf
  - type: 
    name: CMUBright-BoldOblique
    file: cmunbxo.ttf
  - type: 
    name: CMUBright-Oblique
    file: cmunbmo.ttf
  - type: 
    name: CMUBright-Roman
    file: cmunbmr.ttf
  - type: 
    name: CMUBright-SemiBold
    file: cmunbsr.ttf
  - type: 
    name: CMUBright-SemiBoldOblique
    file: cmunbso.ttf
  - type: 
    name: CMUClassicalSerif-Italic
    file: cmunci.ttf
  - type: 
    name: CMUConcrete-Bold
    file: cmunobx.ttf
  - type: 
    name: CMUConcrete-BoldItalic
    file: cmunobi.ttf
  - type: 
    name: CMUConcrete-Italic
    file: cmunoti.ttf
  - type: 
    name: CMUConcrete-Roman
    file: cmunorm.ttf
  - type: 
    name: CMUSansSerif
    file: cmunss.ttf
  - type: 
    name: CMUSansSerif-Bold
    file: cmunsx.ttf
  - type: 
    name: CMUSansSerif-BoldOblique
    file: cmunso.ttf
  - type: 
    name: CMUSansSerif-DemiCondensed
    file: cmunssdc.ttf
  - type: 
    name: CMUSansSerif-Oblique
    file: cmunsi.ttf
  - type: 
    name: CMUSerif-Bold
    file: cmunbx.ttf
  - type: 
    name: CMUSerif-BoldItalic
    file: cmunbi.ttf
  - type: 
    name: CMUSerif-BoldNonextended
    file: cmunrb.ttf
  - type: 
    name: CMUSerif-BoldSlanted
    file: cmunbl.ttf
  - type: 
    name: CMUSerif-Italic
    file: cmunti.ttf
  - type: 
    name: CMUSerif-Roman
    file: cmunrm.ttf
  - type: 
    name: CMUSerif-RomanSlanted
    file: cmunsl.ttf
  - type: 
    name: CMUSerif-UprightItalic
    file: cmunui.ttf
  - type: 
    name: CMUTypewriter-Bold
    file: cmuntb.ttf
  - type: 
    name: CMUTypewriter-BoldItalic
    file: cmuntx.ttf
  - type: 
    name: CMUTypewriter-Italic
    file: cmunit.ttf
  - type: 
    name: CMUTypewriter-Light
    file: cmunbtl.ttf
  - type: 
    name: CMUTypewriter-LightOblique
    file: cmunbto.ttf
  - type: 
    name: CMUTypewriter-Oblique
    file: cmunst.ttf
  - type: 
    name: CMUTypewriter-Regular
    file: cmuntt.ttf
  - type: 
    name: CMUTypewriterVariable
    file: cmunvt.ttf
  - type: 
    name: CMUTypewriterVariable-Italic
    file: cmunvi.ttf
